[?2026$p[?2027$p[?2004h[>4;2m[=1;1u[?u]12;#5f5fff[1 q[JEnter a Charm™ repo:

  charmbracelet/

esc quit[2A[8C[?25h[?25lbubbletea

tab complete • ctrl+n next • ctrl+p prev • esc quit[2A[34D[?25h[?25lub[D[?25h[?25lbbletea

esc quit[K[2A[17C[?25h[>4m[=0;1u

[J[?2004l]112