[?2026$p[?2027$p[?25l[?2004h[>4;2m[=1;1u[?u[J╭──────────────────╮
│[18X[18C│
│         ╭──────────────────╮
│         │[18X[18C│
│      Hel│[18X[18C│
│         │[18X[18C│
│         │     Goodbye      │
│         │[18X[18C│
│         │[18X[18C│
╰─────────│[18X[18C│
	  │[18X[18C│
	  ╰──────────────────╯
Press any key to swap the cards, or q to quit.[10A	           │
	           │
	ello       │
	           │
	           │
	           │
	           │
[10D─────────╯[9A[J[>4m[=0;1u[J[?25h[?2004l