[?2026$p[?2027$p[>4m[=0;1u[?1049h[?25l[?2004h[>4;2m[=1;1u[?u[H[2J[1;20H[1K[C●[39X[1;61H●[K[2;15H[1K[C●●●●●●●●●●●[29X[2;56H●●●●●●●●●●●[K[3;12H[1K[C●●●●●●●●●●●●●●●●●[23X[3;53H●●●●●●●●●●●●●●●●●[K[4;11H[1K[C●●●●●●●●●●●●●●●●●●●[21X[4;52H●●●●●●●●●●●●●●●●●●●[K[5;9H[1K[C●●●●●●●●●●●●●●●●●●●●●●●[17X[5;50H●●●●●●●●●●●●●●●●●●●●●●●[K
[8G[1K	●●●●●●●●●●●●●●●●●●●●●●●●●[15X[6;49H●●●●●●●●●●●●●●●●●●●●●●●●●[K
[8G[1K	●●●●●●●●●●●●●●●●●●●●●●●●●[15X[7;49H●●●●●●●●●●●●●●●●●●●●●●●●●[K
[7G[1K[C●●●●●●●●●●●●●●●●●●●●●●●●●●●[13X[8;48H●●●●●●●●●●●●●●●●●●●●●●●●●●●[K
[6G[1K[C●●●●●●●●●●●●●●●●●●●●●●●●●●●●●           ●●●●●●●●●●●●●●●●●●●●●●●●●●●●●[K
[6G[1K[C●●●●●●●●●●●●●●●●●●●●●●●●●●●●●           ●●●●●●●●●●●●●●●●●●●●●●●●●●●●●[K
[6G[1K[C●●●●●●●●●●●●●●●●●●●●●●●●●●●●●           ●●●●●●●●●●●●●●●●●●●●●●●●●●●●●[K
[6G[1K[C●●●●●●●●●●●●●●●●●●●●●●●●●●●●●           ●●●●●●●●●●●●●●●●●●●●●●●●●●●●●[K
[5G[1K[C●●●●●●●●●●●●●●●●●●●●●●●●●●●●●●●         ●●●●●●●●●●●●●●●●●●●●●●●●●●●●●●●[K
[6G[1K[C●●●●●●●●●●●●●●●●●●●●●●●●●●●●●           ●●●●●●●●●●●●●●●●●●●●●●●●●●●●●[K
[6G[1K[C●●●●●●●●●●●●●●●●●●●●●●●●●●●●●           ●●●●●●●●●●●●●●●●●●●●●●●●●●●●●[K
[6G[1K[C●●●●●●●●●●●●●●●●●●●●●●●●●●●●●           ●●●●●●●●●●●●●●●●●●●●●●●●●●●●●[K
[6G[1K[C●●●●●●●●●●●●●●●●●●●●●●●●●●●●●           ●●●●●●●●●●●●●●●●●●●●●●●●●●●●●[K
[7G[1K[C●●●●●●●●●●●●●●●●●●●●●●●●●●●             ●●●●●●●●●●●●●●●●●●●●●●●●●●●[K
[8G[1K	●●●●●●●●●●●●●●●●●●●●●●●●●[15X[19;49H●●●●●●●●●●●●●●●●●●●●●●●●●[K
[8G[1K	●●●●●●●●●●●●●●●●●●●●●●●●●[15X[20;49H●●●●●●●●●●●●●●●●●●●●●●●●●[K[21;9H[1K[C●●●●●●●●●●●●●●●●●●●●●●●[17X[21;50H●●●●●●●●●●●●●●●●●●●●●●●[K[22;11H[1K[C●●●●●●●●●●●●●●●●●●●[21X[22;52H●●●●●●●●●●●●●●●●●●●[K[23;12H[1K[C●●●●●●●●●●●●●●●●●[23X[23;53H●●●●●●●●●●●●●●●●●[K[24;15H[1K[C●●●●●●●●●●●[29X[24;56H●●●●●●●●●●●[K[>4m[=0;1u[?1049l[?25h[?2004l