[?2026$p[?2027$p[?25l[?2004h[?1004h[>4;2m[=1;1u[?u[JHi. Focus report is currently enabled.

This program is currently focused!

To quit sooner press ctrl-c, or t to toggle focus reporting...
[3A[26Cblurr[?1004l[2A[Ddisabled.

[K[?1004h[2A[30Cena[P

This program is currently blurred![8Dfocus[?1004l[2A[Ddisabled.

[K[>4m[=0;1u


[J[?25h[?2004l