[?2026$p[?2027$p[>4m[=0;1u[?1049h[?25l[?2004h[>4;2m[=1;1u[?u[H[2J
[5G My Fave Things [4;5H23 items

  │ Raspberry Pi’s
  │ I have ’em all over my house[9;5HNutella
[5GIt's good on toast

[5GBitter melon
[5GIt cools you down

[5GNice socks
[5GAnd by that I mean socks without holes

[5GEight hours of sleep
[5GI had this once

[5G•••••

[5G↑/k up • ↓/j down • / filter • q quit • ? more[2;5HFilter:  [K[6;3H  Raspberry Pi’s
    I have ’em all over my house[9;5HNutella
[5GIt's good on toast

[5GBitter melon
[5GIt cools you down

[5GNice socks
[5GAnd by that I mean socks without holes

[5GEight hours of sleep
[5GI had this once[23;5Hesc cancel[K[2;13Hl [4;5H12 items • 11 filtered[6;5HLinux[K
[5GPretty much the best OS[K[9;5HWarm light
[5GLike around 2700 Kelvin

[5GNoguchi Lamps
[5GSuch pleasing organic forms

[5GMilk crates
[5GGreat for packing in your extra stuff[K

[5GNutella[K
[5GIt's good on toast[23;6Hnter apply filter • esc cancel[2;14Hi [4;5H5 items • 18 [P[6;6Hin[9;11Hig[12;5HPlantasia, the album
[5GMy plants love it too[K

[5GTable tennis
[5GIt’s surprisingly exhausting[K

[5GThe vernal equinox
[5GThe autumnal equinox is pretty good too

[8G[K[3;22r[22;1H[9S[1;24r[2;15Hn 
[K
[5G2 items • 21 filtered[6;5HLinux[K
[5GPretty much the best OS[K[9;20Hno


[K[2;16Hu [4;5H1 item • 22 [P[6;8Hux


[K
[K[2;17Hx [6;9Hx[2;5H My Fave Things [4;5H“linux” 1 item • 22 filtered

  │ Linux
  │ Pretty much the best OS[23;5H↑/k up • ↓/j down • / filter • esc clear filter • q quit • ? more[>4m[=0;1u
[?1049l[?25h[?2004l