[?2026$p[?2027$p]11;?[>4m[=0;1u[?1049h[?25l[?2004h[>4;2m[=1;1u[?u[H[2J
[5G Groceries [4;5H24 items

  │ Radish
  │ Maybe[9;5HBrown Sugar
[5GSmells great

[5GBean Sprouts
[5GGimme

[5GHoney Dew
[5GSure, why not?

[5GYuzu
[5GSlightly sweet

[5G•••••

[5G↑/k up • ↓/j down • enter choose • x delete • / filter • q quit • ? more[3A[2L[8;20r[8;1H[3T[1;24r[2;18HAdded Bitter Melon[4;6H5 [6;5HBitter Melon
[6Gy favorite[9;5HRadish
[5GMaybe[>4m[=0;1u[24d[?1049l[?25h[?2004l