[?2026$p[?2027$p[>4m[=0;1u[?1049h[?25l[?2004h[?1002h[?1006h[>4;2m[=1;1u[?u[H[2J╭───────────╮
│ Mr. Pager ├───────────────────────────────────────────────────────────────────
╰───────────╯
[4G1 │ Glow
[4G2 │ ====
[4G3 │
[4G4 │ A casual introduction. 你好世界!
[4G5 │
[4G6 │ ## Let’s talk about artichokes
[4G7 │
[4G8 │ The _artichoke_ is mentioned as a garden plant in the 8th century BC by H
   9 │ **and** Hesiod. The naturally occurring variant of the artichoke, the car
  10 │ which is native to the Mediterranean area, also has records of use as a f
  11 │ among the ancient Greeks and Romans. Pliny the Elder mentioned growing of
  12 │ _carduus_ in Carthage and Cordoba.
  13 │
  14 │ > He holds him with a skinny hand,
  15 │ > ‘There was a ship,’ quoth he.
  16 │ > ‘Hold off! unhand me, grey-beard loon!’
  17 │ > An artichoke, dropt he.
  18 │[22;68H╭───────────╮
───────────────────────────────────────────────────────────────────┤   0%:100% │[24;68H╰───────────[?7l╯[?7h[4;21r[21;1H
[1;24r[8;28Hartichoke[10;13Hartichoke[21;3H19 │ --Samuel Taylor Coleridge, [The Rime of the Ancient Mariner][rime]

[2D2[>4m[=0;1u
[?1049l[?25h[?2004l[?1002l[?1003l[?1006l