[?2026$p[?2027$p]11;?[?25l[?2004h[>4;2m[=1;1u[?u[J  • Item 1

  • Item 2

  • Item 3

  • Item 4

  • Item 5

  • Item 6

  • Item 7

  • Item 8

  • Item 9

  • Item 10

  ••••••••••

  h/l ←/→ page • q: quit
[23A[J  • Item 1

  • Item 2

  • Item 3

  • Item 4

  • Item 5

  • Item 6

  • Item 7

  • Item 8

  • Item 9

  • Item 10

  ••••••••••

  h/l ←/→ page • q: quit[22A[J  • Item 1

  • Item 2

  • Item 3

  • Item 4

  • Item 5

  • Item 6

  • Item 7

  • Item 8

  • Item 9

  • Item 10

  ••••••••••

  h/l ←/→ page • q: quit[22A[J  • Item 1

  • Item 2

  • Item 3

  • Item 4

  • Item 5

  • Item 6

  • Item 7

  • Item 8

  • Item 9

  • Item 10

  ••••••••••

  h/l ←/→ page • q: quit[>4m[=0;1u
[J[?25h[?2004l