[?2026$p[?2027$p[?25l[?2004h[>4;2m[=1;1u[?u[JType some important things.
┃   1 Only the best words[15X
┃  
┃  
┃  
┃  
┃  

 ctrl+s save • esc quit

[9A[6Ch [17X
[5D[37X
[37X
[37X
[37X
[37X[5A[4Ci  [A[J╭─────────────────────────────────────────────────────────╮
│[57X[57C│
│   You have unsaved changes. Quit without saving? [yN]   │
│[57X[57C│
╰─────────────────────────────────────────────────────────╯[4A[JVery important. Thank you.[>4m[=0;1u
[J[?25h[?2004l