[?2026$p[?2027$p[?25l[?2004h[>4;2m[=1;1u[?u[J
  / Eating food...

  ..............................
  ..............................
  ..............................
  ..............................
  ..............................

  Press any key to exit
[9A  - [6B  🍔 Ate an apple 120ms[K[6A  \ [A[J
  That's all for today!

  ..............................
  ..............................
  ..............................
  🍔 Ate an apple 120ms
  🍔 Ate tacos 250ms[>4m[=0;1u

[J[?25h[?2004l