[?2026$p[?2027$p[>4m[=0;1u[?1049h[?25l[?2004h[>4;2m[=1;1u[?u[H[2J
┏━━━━━━━━━━━━┳━━━━━━━━━━━━┳━━━━━━━━━━━┳━━━━━━━━━━━┳━━━━━━━━━━━━┳━━━━━━━━━━━━━━━┓
┃ #          ┃ NAME       ┃ TYPE 1    ┃ TYPE 2    ┃ JAPANESE   ┃ OFFICIAL ROM. ┃
┣━━━━━━━━━━━━╋━━━━━━━━━━━━╋━━━━━━━━━━━╋━━━━━━━━━━━╋━━━━━━━━━━━━╋━━━━━━━━━━━━━━━┫
┃ 1          ┃ Bulbasaur  ┃ Grass     ┃ Poison    ┃ フシギダネ ┃ Bulbasaur     ┃
┃ 2          ┃ Ivysaur    ┃ Grass     ┃ Poison    ┃ フシギソウ ┃ Ivysaur       ┃
┃ 3          ┃ Venusaur   ┃ Grass     ┃ Poison    ┃ フシギバナ ┃ Venusaur      ┃
┃ 4          ┃ Charmander ┃ Fire      ┃           ┃ ヒトカゲ   ┃ Hitokage      ┃
┃ 5          ┃ Charmeleon ┃ Fire      ┃           ┃ リザード   ┃ Lizardo       ┃
┃ 6          ┃ Charizard  ┃ Fire      ┃ Flying    ┃ リザードン ┃ Lizardon      ┃
┃ 7          ┃ Squirtle   ┃ Water     ┃           ┃ ゼニガメ   ┃ Zenigame      ┃
┃ 8          ┃ Wartortle  ┃ Water     ┃           ┃ カメール   ┃ Kameil        ┃
┃ 9          ┃ Blastoise  ┃ Water     ┃           ┃ カメックス ┃ Kamex         ┃
┃ 10         ┃ Caterpie   ┃ Bug       ┃           ┃ キャタピー ┃ Caterpie      ┃
┃ 11         ┃ Metapod    ┃ Bug       ┃           ┃ トランセル ┃ Trancell      ┃
┃ 12         ┃ Butterfree ┃ Bug       ┃ Flying    ┃ バタフリー ┃ Butterfree    ┃
┃ 13         ┃ Weedle     ┃ Bug       ┃ Poison    ┃ ビードル   ┃ Beedle        ┃
┃ 14         ┃ Kakuna     ┃ Bug       ┃ Poison    ┃ コクーン   ┃ Cocoon        ┃
┃ 15         ┃ Beedrill   ┃ Bug       ┃ Poison    ┃ スピアー   ┃ Spear         ┃
┃ 16         ┃ Pidgey     ┃ Normal    ┃ Flying    ┃ ポッポ     ┃ Poppo         ┃
┃ 17         ┃ Pidgeotto  ┃ Normal    ┃ Flying    ┃ ピジョン   ┃ Pigeon        ┃
┃ 18         ┃ Pidgeot    ┃ Normal    ┃ Flying    ┃ ピジョット ┃ Pigeot        ┃
┃ 19         ┃ Rattata    ┃ Normal    ┃           ┃ コラッタ   ┃ Koratta       ┃
┃ …          ┃ …          ┃ …         ┃ …         ┃ …          ┃ …             [?7l┃[?7h[>4m[=0;1u[?1049l[?25h[?2004l