[?2026$p[?2027$p[?25l[?2004h[>4;2m[=1;1u[?u[J
  ╭───────────╮╭───────╮╭────────────╮╭─────────╮╭────────────╮
  │ Lip Gloss ││ Blush ││ Eye Shadow ││ Mascara ││ Foundation │
  │           └┴───────┴┴────────────┴┴─────────┴┴────────────┤
  │[59X[59C│
  │[59X[59C│
  │[23X[23CLip Gloss Tab[23X[23C│
  │[59X[59C│
  │[59X[59C│
  └───────────────────────────────────────────────────────────┘
[7A  ├───────────┴┘       └


    Blush Tab  [3A  │           └┴───────┴


  Lip Gloss Tab[>4m[=0;1u[4B[J[?25h[?2004l