[?2026$p[?2027$p]11;?[?25l[?2004h[>4;2m[=1;1u[?u[JTell me a story.

┃   1 Once upon a time...[15X
┃  
┃  
┃  
┃  
┃  

(ctrl+c to quit)
[8A[6COnce  [13X
┃  [33X
┃  [33X
┃  [33X
┃  [33X
┃  [33X[5A┃   1 Once upon a time,[K
┃   2 there  [27X┃   2 there were three bears.[K
┃   3 P [32X[Dapa Bear made  ┃   3 Papa Bear made porridge.[K
┃   4  [33X[DBaby Bear  [Dtook a walk. [>4m[=0;1u[5B[J[?25h[?2004l