[?2026$p[?2027$p[?25l[?2004h[>4;2m[=1;1u[?u[J
  What to do today?

  [x] Plant carrots
  [ ] Go to the market
  [ ] Read something
  [ ] See friends

  Program quits in 10 seconds

  j/k, up/down: select • enter: choose • q, esc: quit
[8A  [ ] Plant carrots
  [x] Go to the market[4A[J
  See you later![>4m[=0;1u

[J[?25h[?2004l